// Jest Snapshot v1, https://goo.gl/fbAQLP

exports[`Sign in Components Tests renders Sign In template 1`] = `ReactWrapper {}`;
